// Jest Snapshot v1, https://goo.gl/fbAQLP

exports[`SiteWrapperMainList should match snapshot 1`] = `
<ul
  className="MuiList-root MuiList-padding css-2x8mgg-MuiList-root"
>
  <div
    className="MuiBox-root css-arly7"
  >
    <div
      className="MuiButtonBase-root MuiListItem-root MuiListItem-gutters MuiListItem-padding MuiListItem-button css-5qtusp-MuiButtonBase-root-MuiListItem-root"
      onBlur={[Function]}
      onClick={[Function]}
      onContextMenu={[Function]}
      onDragLeave={[Function]}
      onFocus={[Function]}
      onKeyDown={[Function]}
      onKeyUp={[Function]}
      onMouseDown={[Function]}
      onMouseLeave={[Function]}
      onMouseUp={[Function]}
      onTouchEnd={[Function]}
      onTouchMove={[Function]}
      onTouchStart={[Function]}
      role="button"
      tabIndex={0}
    >
      <div
        className="MuiListItemIcon-root css-cveggr-MuiListItemIcon-root"
      >
        <svg
          aria-hidden={true}
          className="MuiSvgIcon-root MuiSvgIcon-fontSizeSmall css-ptiqhd-MuiSvgIcon-root"
          data-testid="InboxIcon"
          focusable="false"
          viewBox="0 0 24 24"
        >
          <path
            d="M19 3H4.99c-1.11 0-1.98.89-1.98 2L3 19c0 1.1.88 2 1.99 2H19c1.1 0 2-.9 2-2V5c0-1.11-.9-2-2-2zm0 12h-4c0 1.66-1.35 3-3 3s-3-1.34-3-3H4.99V5H19v10z"
          />
        </svg>
      </div>
      <div
        className="MuiListItemText-root css-tlelie-MuiListItemText-root"
      >
        <span
          className="MuiTypography-root MuiTypography-body1 MuiListItemText-primary css-10hburv-MuiTypography-root"
        >
          <p
            className="MuiTypography-root MuiTypography-body1 css-1d9ye53-MuiTypography-root"
          >
            Inbox
          </p>
        </span>
      </div>
    </div>
  </div>
  <div
    className="MuiBox-root css-arly7"
  >
    <div
      className="MuiButtonBase-root MuiListItem-root MuiListItem-gutters MuiListItem-padding MuiListItem-button css-5qtusp-MuiButtonBase-root-MuiListItem-root"
      onBlur={[Function]}
      onClick={[Function]}
      onContextMenu={[Function]}
      onDragLeave={[Function]}
      onFocus={[Function]}
      onKeyDown={[Function]}
      onKeyUp={[Function]}
      onMouseDown={[Function]}
      onMouseLeave={[Function]}
      onMouseUp={[Function]}
      onTouchEnd={[Function]}
      onTouchMove={[Function]}
      onTouchStart={[Function]}
      role="button"
      tabIndex={0}
    >
      <div
        className="MuiListItemIcon-root css-cveggr-MuiListItemIcon-root"
      >
        <svg
          aria-hidden={true}
          className="MuiSvgIcon-root MuiSvgIcon-fontSizeSmall css-ptiqhd-MuiSvgIcon-root"
          data-testid="StarBorderIcon"
          focusable="false"
          viewBox="0 0 24 24"
        >
          <path
            d="m22 9.24-7.19-.62L12 2 9.19 8.63 2 9.24l5.46 4.73L5.82 21 12 17.27 18.18 21l-1.63-7.03L22 9.24zM12 15.4l-3.76 2.27 1-4.28-3.32-2.88 4.38-.38L12 6.1l1.71 4.04 4.38.38-3.32 2.88 1 4.28L12 15.4z"
          />
        </svg>
      </div>
      <div
        className="MuiListItemText-root css-tlelie-MuiListItemText-root"
      >
        <span
          className="MuiTypography-root MuiTypography-body1 MuiListItemText-primary css-10hburv-MuiTypography-root"
        >
          <p
            className="MuiTypography-root MuiTypography-body1 css-1d9ye53-MuiTypography-root"
          >
            Today
          </p>
        </span>
      </div>
    </div>
  </div>
  <div
    className="MuiBox-root css-arly7"
  >
    <div
      className="MuiButtonBase-root MuiListItem-root MuiListItem-gutters MuiListItem-padding MuiListItem-button css-5qtusp-MuiButtonBase-root-MuiListItem-root"
      onBlur={[Function]}
      onClick={[Function]}
      onContextMenu={[Function]}
      onDragLeave={[Function]}
      onFocus={[Function]}
      onKeyDown={[Function]}
      onKeyUp={[Function]}
      onMouseDown={[Function]}
      onMouseLeave={[Function]}
      onMouseUp={[Function]}
      onTouchEnd={[Function]}
      onTouchMove={[Function]}
      onTouchStart={[Function]}
      role="button"
      tabIndex={0}
    >
      <div
        className="MuiListItemIcon-root css-cveggr-MuiListItemIcon-root"
      >
        <svg
          aria-hidden={true}
          className="MuiSvgIcon-root MuiSvgIcon-fontSizeSmall css-ptiqhd-MuiSvgIcon-root"
          data-testid="DateRangeIcon"
          focusable="false"
          viewBox="0 0 24 24"
        >
          <path
            d="M9 11H7v2h2v-2zm4 0h-2v2h2v-2zm4 0h-2v2h2v-2zm2-7h-1V2h-2v2H8V2H6v2H5c-1.11 0-1.99.9-1.99 2L3 20c0 1.1.89 2 2 2h14c1.1 0 2-.9 2-2V6c0-1.1-.9-2-2-2zm0 16H5V9h14v11z"
          />
        </svg>
      </div>
      <div
        className="MuiListItemText-root css-tlelie-MuiListItemText-root"
      >
        <span
          className="MuiTypography-root MuiTypography-body1 MuiListItemText-primary css-10hburv-MuiTypography-root"
        >
          <p
            className="MuiTypography-root MuiTypography-body1 css-1d9ye53-MuiTypography-root"
          >
            Upcoming
          </p>
        </span>
      </div>
    </div>
  </div>
  <div
    className="MuiBox-root css-arly7"
  >
    <div
      className="MuiButtonBase-root MuiListItem-root MuiListItem-gutters MuiListItem-padding MuiListItem-button css-5qtusp-MuiButtonBase-root-MuiListItem-root"
      onBlur={[Function]}
      onClick={[Function]}
      onContextMenu={[Function]}
      onDragLeave={[Function]}
      onFocus={[Function]}
      onKeyDown={[Function]}
      onKeyUp={[Function]}
      onMouseDown={[Function]}
      onMouseLeave={[Function]}
      onMouseUp={[Function]}
      onTouchEnd={[Function]}
      onTouchMove={[Function]}
      onTouchStart={[Function]}
      role="button"
      tabIndex={0}
    >
      <div
        className="MuiListItemIcon-root css-cveggr-MuiListItemIcon-root"
      >
        <svg
          aria-hidden={true}
          className="MuiSvgIcon-root MuiSvgIcon-fontSizeSmall css-ptiqhd-MuiSvgIcon-root"
          data-testid="DoneIcon"
          focusable="false"
          viewBox="0 0 24 24"
        >
          <path
            d="M9 16.2 4.8 12l-1.4 1.4L9 19 21 7l-1.4-1.4L9 16.2z"
          />
        </svg>
      </div>
      <div
        className="MuiListItemText-root css-tlelie-MuiListItemText-root"
      >
        <span
          className="MuiTypography-root MuiTypography-body1 MuiListItemText-primary css-10hburv-MuiTypography-root"
        >
          <p
            className="MuiTypography-root MuiTypography-body1 css-1d9ye53-MuiTypography-root"
          >
            Completed
          </p>
        </span>
      </div>
    </div>
  </div>
</ul>
`;
