// Jest Snapshot v1, https://goo.gl/fbAQLP

exports[`HeaderSearch should match the snapshot 1`] = `
<div
  aria-expanded={false}
  aria-owns={null}
  className="MuiAutocomplete-root MuiAutocomplete-hasPopupIcon makeStyles-input-1 makeStyles-input-2 css-dst279-MuiAutocomplete-root"
  onClick={[Function]}
  onKeyDown={[Function]}
  onMouseDown={[Function]}
  role="combobox"
>
  <div
    className="MuiFormControl-root MuiFormControl-fullWidth MuiTextField-root css-wb57ya-MuiFormControl-root-MuiTextField-root"
  >
    <div
      className="MuiOutlinedInput-root MuiInputBase-root MuiInputBase-colorPrimary MuiInputBase-fullWidth MuiInputBase-formControl MuiInputBase-sizeSmall MuiInputBase-adornedEnd MuiAutocomplete-inputRoot css-brkcn7-MuiInputBase-root-MuiOutlinedInput-root"
      onClick={[Function]}
    >
      <input
        aria-activedescendant={null}
        aria-autocomplete="list"
        aria-controls={null}
        aria-invalid={false}
        autoCapitalize="none"
        autoComplete="off"
        autoFocus={false}
        className="MuiOutlinedInput-input MuiInputBase-input MuiInputBase-inputSizeSmall MuiInputBase-inputAdornedEnd MuiAutocomplete-input MuiAutocomplete-inputFocused MuiAutocomplete-input MuiAutocomplete-inputFocused css-19qh8xo-MuiInputBase-input-MuiOutlinedInput-input"
        disabled={false}
        id="header-autocomplete"
        onAnimationStart={[Function]}
        onBlur={[Function]}
        onChange={[Function]}
        onFocus={[Function]}
        onMouseDown={[Function]}
        placeholder="Search"
        required={false}
        spellCheck="false"
        type="text"
        value=""
      />
      <div
        className="MuiAutocomplete-endAdornment css-1q60rmi-MuiAutocomplete-endAdornment"
      >
        <button
          aria-label="Open"
          className="MuiButtonBase-root MuiIconButton-root MuiIconButton-sizeMedium MuiAutocomplete-popupIndicator css-qzbt6i-MuiButtonBase-root-MuiIconButton-root-MuiAutocomplete-popupIndicator"
          disabled={false}
          onBlur={[Function]}
          onClick={[Function]}
          onContextMenu={[Function]}
          onDragLeave={[Function]}
          onFocus={[Function]}
          onKeyDown={[Function]}
          onKeyUp={[Function]}
          onMouseDown={[Function]}
          onMouseLeave={[Function]}
          onMouseUp={[Function]}
          onTouchEnd={[Function]}
          onTouchMove={[Function]}
          onTouchStart={[Function]}
          tabIndex={-1}
          title="Open"
          type="button"
        >
          <svg
            aria-hidden={true}
            className="MuiSvgIcon-root MuiSvgIcon-fontSizeMedium css-i4bv87-MuiSvgIcon-root"
            data-testid="ArrowDropDownIcon"
            focusable="false"
            viewBox="0 0 24 24"
          >
            <path
              d="M7 10l5 5 5-5z"
            />
          </svg>
        </button>
      </div>
      <fieldset
        aria-hidden={true}
        className="MuiOutlinedInput-notchedOutline css-1d3z3hw-MuiOutlinedInput-notchedOutline"
      >
        <legend
          className="css-1a1ihhj"
        >
          <span
            className="notranslate"
            dangerouslySetInnerHTML={
              Object {
                "__html": "&#8203;",
              }
            }
          />
        </legend>
      </fieldset>
    </div>
  </div>
</div>
`;
