// Jest Snapshot v1, https://goo.gl/fbAQLP

exports[`TimelineItem should match the snapshot 1`] = `
<div
  className="makeStyles-container-1 makeStyles-container-5"
  onClick={[Function]}
>
  <div
    onClick={[Function]}
    style={
      Object {
        "alignItems": "center",
        "display": "flex",
        "flexDirection": "row",
        "justifyContent": "flex-start",
        "width": "initial",
      }
    }
  >
    <span
      className="MuiCheckbox-root MuiCheckbox-colorWarning MuiButtonBase-root MuiCheckbox-root MuiCheckbox-colorWarning PrivateSwitchBase-root Mui-checked makeStyles-checkbox-4 css-1azr8hg-MuiButtonBase-root-MuiCheckbox-root"
      onBlur={[Function]}
      onContextMenu={[Function]}
      onDragLeave={[Function]}
      onFocus={[Function]}
      onKeyDown={[Function]}
      onKeyUp={[Function]}
      onMouseDown={[Function]}
      onMouseLeave={[Function]}
      onMouseUp={[Function]}
      onTouchEnd={[Function]}
      onTouchMove={[Function]}
      onTouchStart={[Function]}
      tabIndex={null}
    >
      <input
        checked={true}
        className="PrivateSwitchBase-input css-1m9pwf3"
        data-indeterminate={false}
        onChange={[Function]}
        type="checkbox"
      />
      <svg
        aria-hidden={true}
        className="MuiSvgIcon-root MuiSvgIcon-fontSizeSmall css-ptiqhd-MuiSvgIcon-root"
        data-testid="CheckBoxIcon"
        focusable="false"
        viewBox="0 0 24 24"
      >
        <path
          d="M19 3H5c-1.11 0-2 .9-2 2v14c0 1.1.89 2 2 2h14c1.11 0 2-.9 2-2V5c0-1.1-.89-2-2-2zm-9 14l-5-5 1.41-1.41L10 14.17l7.59-7.59L19 8l-9 9z"
        />
      </svg>
    </span>
    <div
      className="MuiBox-root css-0"
    >
      <p
        className="makeStyles-title-2"
      >
        [{"type":"paragraph","children":[{"text":"new task for 123 "},{"text":""}]}]
      </p>
      <p
        className="makeStyles-date-3"
      >
        12 Nov, 2021
      </p>
    </div>
  </div>
</div>
`;
