// Jest Snapshot v1, https://goo.gl/fbAQLP

exports[`EmptyListMessage should match the snapshot 1`] = `
Array [
  <img
    alt="src"
    className="makeStyles-image-1"
    src="src"
  />,
  <div
    className="makeStyles-message-2"
  >
    Message
  </div>,
]
`;
