// Jest Snapshot v1, https://goo.gl/fbAQLP

exports[`NoteSkeletonRow should match the snapshot 1`] = `
Array [
  <div
    className="MuiGrid-root MuiGrid-item MuiGrid-grid-xs-12 MuiGrid-grid-sm-12 MuiGrid-grid-md-6 MuiGrid-grid-lg-4 css-157tyuy-MuiGrid-root"
  >
    <span
      className="MuiSkeleton-root MuiSkeleton-text MuiSkeleton-pulse makeStyles-noteSkeleton-2 css-1n7gpw1-MuiSkeleton-root"
      style={
        Object {
          "height": 240,
          "width": undefined,
        }
      }
    />
  </div>,
  <div
    className="MuiGrid-root MuiGrid-item MuiGrid-grid-xs-12 MuiGrid-grid-sm-12 MuiGrid-grid-md-6 MuiGrid-grid-lg-4 css-157tyuy-MuiGrid-root"
  >
    <span
      className="MuiSkeleton-root MuiSkeleton-text MuiSkeleton-pulse makeStyles-noteSkeleton-2 css-1n7gpw1-MuiSkeleton-root"
      style={
        Object {
          "height": 240,
          "width": undefined,
        }
      }
    />
  </div>,
  <div
    className="MuiGrid-root MuiGrid-item MuiGrid-grid-xs-12 MuiGrid-grid-sm-12 MuiGrid-grid-md-6 MuiGrid-grid-lg-4 css-157tyuy-MuiGrid-root"
  >
    <span
      className="MuiSkeleton-root MuiSkeleton-text MuiSkeleton-pulse makeStyles-noteSkeleton-2 css-1n7gpw1-MuiSkeleton-root"
      style={
        Object {
          "height": 240,
          "width": undefined,
        }
      }
    />
  </div>,
]
`;
