// Jest Snapshot v1, https://goo.gl/fbAQLP

exports[`TaskWrapper should match the snapshot 1`] = `
<div>
  <div>
    <div
      onClick={[Function]}
      style={
        Object {
          "alignItems": "center",
          "display": "flex",
          "flexDirection": "row",
          "justifyContent": "flex-start",
          "width": "initial",
        }
      }
    >
      <p
        className="MuiTypography-root MuiTypography-body1 css-c1e8lb-MuiTypography-root"
      >
        Title
      </p>
    </div>
  </div>
  <div
    className="MuiTabs-root css-1ujnqem-MuiTabs-root"
  >
    <div
      className="MuiTabs-scroller MuiTabs-fixed css-jpln7h-MuiTabs-scroller"
      onScroll={[Function]}
      style={
        Object {
          "marginBottom": -0,
          "overflow": "hidden",
        }
      }
    >
      <div
        aria-orientation={null}
        className="MuiTabs-flexContainer css-heg063-MuiTabs-flexContainer"
        onKeyDown={[Function]}
        role="tablist"
      >
        <button
          aria-selected={true}
          className="MuiButtonBase-root MuiTab-root MuiTab-textColorPrimary Mui-selected css-1h9z7r5-MuiButtonBase-root-MuiTab-root"
          disabled={false}
          onBlur={[Function]}
          onClick={[Function]}
          onContextMenu={[Function]}
          onDragLeave={[Function]}
          onFocus={[Function]}
          onKeyDown={[Function]}
          onKeyUp={[Function]}
          onMouseDown={[Function]}
          onMouseLeave={[Function]}
          onMouseUp={[Function]}
          onTouchEnd={[Function]}
          onTouchMove={[Function]}
          onTouchStart={[Function]}
          role="tab"
          tabIndex={0}
          type="button"
        >
          common.todos
          <span
            className="MuiTabs-indicator css-1aquho2-MuiTabs-indicator"
            style={Object {}}
          />
        </button>
        <button
          aria-selected={false}
          className="MuiButtonBase-root MuiTab-root MuiTab-textColorPrimary css-1h9z7r5-MuiButtonBase-root-MuiTab-root"
          disabled={false}
          onBlur={[Function]}
          onClick={[Function]}
          onContextMenu={[Function]}
          onDragLeave={[Function]}
          onFocus={[Function]}
          onKeyDown={[Function]}
          onKeyUp={[Function]}
          onMouseDown={[Function]}
          onMouseLeave={[Function]}
          onMouseUp={[Function]}
          onTouchEnd={[Function]}
          onTouchMove={[Function]}
          onTouchStart={[Function]}
          role="tab"
          tabIndex={-1}
          type="button"
        >
          common.notes
        </button>
      </div>
    </div>
  </div>
  <div
    role="tabpanel"
    style={
      Object {
        "marginTop": "1rem",
      }
    }
  >
    <div />
  </div>
</div>
`;
