// Jest Snapshot v1, https://goo.gl/fbAQLP

exports[`Fullscreen loader should match the snapshot 1`] = `
<div
  className="makeStyles-container-1 MuiBox-root css-0"
>
  <div
    className="makeStyles-spinner-2"
  >
    <div
      aria-busy="true"
      className=""
      style={Object {}}
    >
      <svg
        aria-label="audio-loading"
        enableBackground="new 0 0 100 100"
        height={100}
        id="L2"
        version="1.1"
        viewBox="0 0 100 100"
        width={100}
        x="0px"
        xmlSpace="preserve"
        xmlns="http://www.w3.org/2000/svg"
        y="0px"
      >
        <circle
          cx="50"
          cy="50"
          fill="none"
          r={48}
          stroke="#5886ff"
          strokeMiterlimit="10"
          strokeWidth="4"
        />
        <line
          fill="none"
          stroke="#5886ff"
          strokeLinecap="round"
          strokeMiterlimit="10"
          strokeWidth="4"
          x1="50"
          x2="85"
          y1="50"
          y2="50.5"
        >
          <animateTransform
            attributeName="transform"
            dur="2s"
            from="0 50 50"
            repeatCount="indefinite"
            to="360 50 50"
            type="rotate"
          />
        </line>
        <line
          fill="none"
          stroke="#5886ff"
          strokeLinecap="round"
          strokeMiterlimit="10"
          strokeWidth="4"
          x1="50"
          x2="49.5"
          y1="50"
          y2="74"
        >
          <animateTransform
            attributeName="transform"
            dur="15s"
            from="0 50 50"
            repeatCount="indefinite"
            to="360 50 50"
            type="rotate"
          />
        </line>
      </svg>
    </div>
  </div>
</div>
`;
