// Jest Snapshot v1, https://goo.gl/fbAQLP

exports[`StandardDialog should match the snapshot 1`] = `null`;
